// Jest Snapshot v1, https://goo.gl/fbAQLP

exports[`Notification snapshot renders properly 1`] = `
<div class="notification__wrapper">
  <div class="notifications__date">
    <p class="notifications__date_day">Ven</p>
    <p class="notifications__date_date">3</p>
    <p class="notifications__date_month">
      Dec
    </p>
  </div>
  <div class="notifications__separator"></div>
  <div class="notifications__informations">
    <h2>
      Event name Lore...
    </h2>
    <p>12 rue du gnou - Paris</p>
  </div>
  <div class="notifications__actions"><button class="notifications__accept"><img src=""></button> <button class="notifications__deny"><img src=""></button></div>
</div>
`;
