// Jest Snapshot v1, https://goo.gl/fbAQLP

exports[`Password snapshot renders properly 1`] = `
<div class="input__wrapper">
  <div class="input__container"><input id="password" name="password" type="password" class=""> <label for="password" class="">Mot de passe <span>*</span></label> <img src="" alt="Eye icon">
    <!---->
  </div>
</div>
`;
